// Vitest Snapshot v1, https://vitest.dev/guide/snapshot.html

exports[`parse DeviceResponse Example 2 > parse > should decoded protected headers 1`] = `
Map {
  1 => -7,
}
`;

exports[`parse DeviceResponse Example 2 > parse > should match the snapshot 1`] = `
MDoc {
  "documentErrors": [],
  "documents": [
    IssuerSignedDocument {
      "docType": "org.iso.18013.5.1.mDL",
      "issuerSigned": {
        "issuerAuth": IssuerAuth {
          "_signature": {
            "data": [
              16,
              230,
              148,
              60,
              84,
              117,
              250,
              206,
              134,
              25,
              51,
              208,
              245,
              84,
              246,
              94,
              130,
              98,
              26,
              180,
              65,
              68,
              82,
              249,
              252,
              19,
              220,
              144,
              104,
              90,
              248,
              167,
              145,
              194,
              249,
              33,
              108,
              96,
              117,
              186,
              106,
              203,
              126,
              73,
              147,
              139,
              23,
              0,
              24,
              179,
              63,
              112,
              248,
              18,
              161,
              246,
              183,
              132,
              170,
              87,
              167,
              175,
              21,
              252,
            ],
            "type": "Buffer",
          },
          "payload": {
            "data": [
              166,
              103,
              118,
              101,
              114,
              115,
              105,
              111,
              110,
              99,
              49,
              46,
              48,
              111,
              100,
              105,
              103,
              101,
              115,
              116,
              65,
              108,
              103,
              111,
              114,
              105,
              116,
              104,
              109,
              102,
              115,
              104,
              97,
              50,
              53,
              54,
              108,
              118,
              97,
              108,
              117,
              101,
              68,
              105,
              103,
              101,
              115,
              116,
              115,
              162,
              109,
              111,
              114,
              103,
              46,
              97,
              108,
              101,
              120,
              46,
              116,
              101,
              115,
              116,
              161,
              97,
              48,
              88,
              32,
              107,
              118,
              132,
              40,
              45,
              75,
              232,
              103,
              50,
              36,
              194,
              139,
              38,
              93,
              120,
              106,
              190,
              224,
              47,
              82,
              170,
              57,
              162,
              201,
              224,
              105,
              203,
              175,
              171,
              78,
              144,
              227,
              113,
              111,
              114,
              103,
              46,
              105,
              115,
              111,
              46,
              49,
              56,
              48,
              49,
              51,
              46,
              53,
              46,
              49,
              171,
              97,
              48,
              88,
              32,
              51,
              109,
              173,
              131,
              186,
              203,
              177,
              12,
              78,
              104,
              146,
              139,
              254,
              104,
              70,
              31,
              21,
              9,
              191,
              160,
              22,
              72,
              84,
              84,
              164,
              251,
              68,
              38,
              94,
              17,
              49,
              243,
              97,
              49,
              88,
              32,
              239,
              90,
              178,
              223,
              171,
              29,
              20,
              157,
              179,
              143,
              0,
              66,
              229,
              168,
              28,
              237,
              19,
              198,
              83,
              92,
              139,
              180,
              125,
              212,
              148,
              146,
              89,
              243,
              75,
              203,
              171,
              93,
              97,
              50,
              88,
              32,
              220,
              136,
              201,
              233,
              125,
              206,
              79,
              74,
              222,
              194,
              17,
              201,
              212,
              138,
              40,
              254,
              238,
              149,
              176,
              24,
              40,
              190,
              132,
              0,
              215,
              4,
              153,
              7,
              154,
              241,
              246,
              49,
              97,
              51,
              88,
              32,
              140,
              90,
              51,
              53,
              213,
              226,
              64,
              81,
              44,
              239,
              109,
              95,
              180,
              52,
              209,
              123,
              32,
              37,
              212,
              216,
              45,
              59,
              63,
              216,
              210,
              139,
              112,
              192,
              89,
              116,
              47,
              34,
              97,
              52,
              88,
              32,
              176,
              149,
              185,
              196,
              6,
              119,
              161,
              16,
              121,
              74,
              202,
              45,
              103,
              108,
              32,
              214,
              72,
              205,
              173,
              33,
              10,
              26,
              250,
              245,
              167,
              117,
              17,
              36,
              100,
              92,
              168,
              15,
              97,
              53,
              88,
              32,
              74,
              242,
              63,
              129,
              117,
              24,
              28,
              211,
              180,
              36,
              72,
              205,
              255,
              228,
              243,
              162,
              50,
              73,
              150,
              142,
              212,
              147,
              159,
              123,
              201,
              35,
              55,
              13,
              64,
              234,
              200,
              16,
              97,
              54,
              88,
              32,
              134,
              130,
              112,
              164,
              227,
              96,
              13,
              59,
              72,
              86,
              145,
              200,
              10,
              35,
              81,
              244,
              134,
              191,
              146,
              59,
              250,
              64,
              98,
              231,
              151,
              11,
              56,
              249,
              11,
              42,
              255,
              108,
              97,
              55,
              88,
              32,
              85,
              8,
              38,
              168,
              20,
              16,
              197,
              174,
              69,
              37,
              21,
              75,
              148,
              28,
              197,
              136,
              45,
              241,
              33,
              66,
              14,
              84,
              130,
              25,
              176,
              228,
              201,
              203,
              138,
              189,
              176,
              107,
              97,
              56,
              88,
              32,
              153,
              159,
              111,
              44,
              89,
              40,
              85,
              82,
              130,
              62,
              8,
              193,
              149,
              170,
              165,
              90,
              255,
              41,
              89,
              227,
              7,
              254,
              163,
              9,
              146,
              169,
              74,
              37,
              219,
              92,
              197,
              159,
              97,
              57,
              88,
              32,
              114,
              240,
              132,
              199,
              231,
              150,
              187,
              85,
              224,
              133,
              80,
              181,
              110,
              239,
              108,
              39,
              73,
              47,
              159,
              253,
              202,
              131,
              250,
              231,
              198,
              7,
              24,
              13,
              4,
              227,
              36,
              97,
              98,
              49,
              48,
              88,
              32,
              237,
              226,
              157,
              160,
              127,
              31,
              159,
              172,
              164,
              92,
              37,
              76,
              199,
              53,
              187,
              123,
              150,
              172,
              78,
              130,
              133,
              198,
              234,
              57,
              114,
              59,
              233,
              75,
              169,
              104,
              145,
              127,
              109,
              100,
              101,
              118,
              105,
              99,
              101,
              75,
              101,
              121,
              73,
              110,
              102,
              111,
              161,
              105,
              100,
              101,
              118,
              105,
              99,
              101,
              75,
              101,
              121,
              247,
              103,
              100,
              111,
              99,
              84,
              121,
              112,
              101,
              117,
              111,
              114,
              103,
              46,
              105,
              115,
              111,
              46,
              49,
              56,
              48,
              49,
              51,
              46,
              53,
              46,
              49,
              46,
              109,
              68,
              76,
              108,
              118,
              97,
              108,
              105,
              100,
              105,
              116,
              121,
              73,
              110,
              102,
              111,
              163,
              102,
              115,
              105,
              103,
              110,
              101,
              100,
              86,
              192,
              116,
              50,
              48,
              50,
              51,
              45,
              48,
              57,
              45,
              49,
              49,
              84,
              50,
              48,
              58,
              51,
              56,
              58,
              48,
              53,
              90,
              105,
              118,
              97,
              108,
              105,
              100,
              70,
              114,
              111,
              109,
              86,
              192,
              116,
              50,
              48,
              50,
              51,
              45,
              48,
              57,
              45,
              49,
              49,
              84,
              50,
              48,
              58,
              51,
              56,
              58,
              48,
              53,
              90,
              106,
              118,
              97,
              108,
              105,
              100,
              85,
              110,
              116,
              105,
              108,
              86,
              192,
              116,
              50,
              48,
              50,
              51,
              45,
              48,
              57,
              45,
              49,
              50,
              84,
              48,
              49,
              58,
              51,
              56,
              58,
              48,
              53,
              90,
            ],
            "type": "Buffer",
          },
          "protectedHeaders": Map {
            1 => -7,
          },
          "unprotectedHeaders": Map {
            4 => {
              "data": [
                49,
                49,
              ],
              "type": "Buffer",
            },
          },
        },
        "nameSpaces": {
          "org.alex.test": [
            IssuerSignedItem {},
          ],
          "org.iso.18013.5.1": [
            IssuerSignedItem {},
            IssuerSignedItem {},
            IssuerSignedItem {},
            IssuerSignedItem {},
            IssuerSignedItem {},
            IssuerSignedItem {},
            IssuerSignedItem {},
            IssuerSignedItem {},
            IssuerSignedItem {},
            IssuerSignedItem {},
            IssuerSignedItem {},
          ],
        },
      },
    },
  ],
  "status": 0,
  "version": "1.0",
}
`;
