// Jest Snapshot v1, https://goo.gl/fbAQLP

exports[`parse an issuer signed mdoc should match the snapshot 1`] = `
MDoc {
  "documentErrors": [],
  "documents": [
    IssuerSignedDocument {
      "docType": "org.iso.18013.5.1.mDL",
      "issuerSigned": {
        "issuerAuth": IssuerAuth {
          "_signature": {
            "data": [
              69,
              129,
              241,
              34,
              5,
              216,
              207,
              19,
              243,
              105,
              239,
              104,
              254,
              5,
              183,
              44,
              218,
              165,
              182,
              17,
              145,
              234,
              161,
              121,
              197,
              60,
              84,
              96,
              138,
              154,
              7,
              211,
              79,
              172,
              21,
              183,
              183,
              234,
              199,
              247,
              136,
              29,
              158,
              100,
              15,
              78,
              156,
              132,
              44,
              124,
              213,
              71,
              246,
              236,
              142,
              17,
              183,
              218,
              38,
              36,
              110,
              120,
              228,
              182,
            ],
            "type": "Buffer",
          },
          "payload": {
            "data": [
              216,
              24,
              89,
              3,
              90,
              185,
              0,
              6,
              103,
              118,
              101,
              114,
              115,
              105,
              111,
              110,
              99,
              49,
              46,
              48,
              111,
              100,
              105,
              103,
              101,
              115,
              116,
              65,
              108,
              103,
              111,
              114,
              105,
              116,
              104,
              109,
              103,
              83,
              72,
              65,
              45,
              50,
              53,
              54,
              108,
              118,
              97,
              108,
              117,
              101,
              68,
              105,
              103,
              101,
              115,
              116,
              115,
              185,
              0,
              2,
              111,
              111,
              114,
              103,
              46,
              99,
              117,
              115,
              116,
              111,
              109,
              46,
              116,
              101,
              115,
              116,
              161,
              0,
              88,
              32,
              247,
              139,
              2,
              174,
              40,
              90,
              213,
              15,
              5,
              67,
              212,
              92,
              9,
              133,
              160,
              154,
              200,
              240,
              33,
              148,
              141,
              161,
              199,
              251,
              244,
              25,
              72,
              146,
              165,
              135,
              119,
              100,
              113,
              111,
              114,
              103,
              46,
              105,
              115,
              111,
              46,
              49,
              56,
              48,
              49,
              51,
              46,
              53,
              46,
              49,
              174,
              0,
              88,
              32,
              54,
              89,
              254,
              90,
              192,
              111,
              32,
              146,
              248,
              187,
              142,
              100,
              87,
              169,
              202,
              204,
              40,
              158,
              51,
              92,
              172,
              248,
              99,
              231,
              119,
              243,
              117,
              69,
              54,
              147,
              20,
              150,
              1,
              88,
              32,
              152,
              129,
              185,
              100,
              243,
              61,
              54,
              253,
              216,
              127,
              202,
              132,
              227,
              218,
              227,
              134,
              140,
              174,
              64,
              82,
              22,
              248,
              171,
              73,
              155,
              163,
              184,
              185,
              182,
              28,
              246,
              168,
              2,
              88,
              32,
              196,
              32,
              98,
              162,
              206,
              12,
              104,
              199,
              243,
              22,
              164,
              198,
              37,
              189,
              32,
              148,
              109,
              58,
              205,
              31,
              73,
              185,
              93,
              110,
              33,
              15,
              160,
              27,
              101,
              65,
              231,
              130,
              3,
              88,
              32,
              180,
              4,
              226,
              119,
              103,
              214,
              110,
              218,
              87,
              68,
              38,
              13,
              63,
              56,
              94,
              149,
              47,
              144,
              146,
              223,
              237,
              1,
              44,
              196,
              67,
              79,
              208,
              171,
              215,
              249,
              176,
              109,
              4,
              88,
              32,
              208,
              93,
              51,
              38,
              134,
              23,
              205,
              76,
              237,
              252,
              235,
              66,
              149,
              242,
              154,
              184,
              172,
              35,
              124,
              177,
              166,
              176,
              59,
              58,
              17,
              59,
              51,
              144,
              169,
              197,
              73,
              249,
              5,
              88,
              32,
              241,
              189,
              154,
              47,
              116,
              190,
              49,
              136,
              2,
              49,
              201,
              165,
              43,
              33,
              95,
              243,
              142,
              115,
              106,
              204,
              17,
              144,
              242,
              244,
              102,
              105,
              85,
              26,
              141,
              121,
              60,
              53,
              6,
              88,
              32,
              224,
              45,
              240,
              64,
              124,
              238,
              238,
              21,
              31,
              196,
              87,
              42,
              163,
              120,
              36,
              194,
              40,
              184,
              102,
              35,
              206,
              125,
              37,
              80,
              174,
              150,
              186,
              209,
              133,
              92,
              99,
              76,
              7,
              88,
              32,
              101,
              92,
              111,
              142,
              62,
              49,
              183,
              158,
              40,
              143,
              107,
              129,
              95,
              101,
              187,
              95,
              141,
              225,
              116,
              132,
              171,
              160,
              243,
              26,
              216,
              66,
              123,
              192,
              185,
              59,
              181,
              85,
              8,
              88,
              32,
              93,
              93,
              92,
              68,
              27,
              7,
              128,
              45,
              224,
              163,
              85,
              87,
              109,
              21,
              69,
              69,
              140,
              117,
              25,
              119,
              137,
              130,
              149,
              93,
              206,
              85,
              41,
              48,
              149,
              30,
              71,
              67,
              9,
              88,
              32,
              170,
              193,
              146,
              80,
              76,
              123,
              204,
              85,
              240,
              206,
              130,
              64,
              125,
              247,
              252,
              231,
              26,
              206,
              124,
              211,
              96,
              71,
              126,
              254,
              23,
              199,
              176,
              172,
              123,
              102,
              12,
              64,
              10,
              88,
              32,
              110,
              65,
              208,
              254,
              97,
              113,
              126,
              207,
              151,
              2,
              97,
              177,
              11,
              143,
              96,
              128,
              16,
              134,
              33,
              153,
              193,
              56,
              40,
              161,
              254,
              231,
              16,
              12,
              242,
              134,
              90,
              75,
              11,
              88,
              32,
              134,
              84,
              209,
              49,
              131,
              112,
              54,
              50,
              44,
              76,
              228,
              206,
              194,
              150,
              229,
              27,
              246,
              101,
              53,
              28,
              185,
              169,
              16,
              182,
              74,
              197,
              55,
              152,
              240,
              162,
              233,
              190,
              12,
              88,
              32,
              39,
              216,
              211,
              57,
              163,
              8,
              184,
              246,
              189,
              0,
              6,
              158,
              111,
              190,
              121,
              174,
              2,
              127,
              158,
              25,
              9,
              238,
              215,
              92,
              187,
              200,
              212,
              253,
              79,
              194,
              157,
              11,
              13,
              88,
              32,
              180,
              95,
              209,
              50,
              60,
              105,
              2,
              187,
              104,
              10,
              237,
              188,
              34,
              188,
              196,
              167,
              216,
              125,
              60,
              251,
              25,
              80,
              46,
              197,
              81,
              253,
              46,
              45,
              237,
              228,
              25,
              200,
              109,
              100,
              101,
              118,
              105,
              99,
              101,
              75,
              101,
              121,
              73,
              110,
              102,
              111,
              185,
              0,
              1,
              105,
              100,
              101,
              118,
              105,
              99,
              101,
              75,
              101,
              121,
              164,
              1,
              2,
              33,
              88,
              32,
              136,
              24,
              121,
              202,
              122,
              35,
              139,
              25,
              191,
              15,
              76,
              31,
              140,
              0,
              233,
              162,
              225,
              155,
              167,
              166,
              247,
              62,
              174,
              146,
              184,
              81,
              212,
              222,
              27,
              80,
              133,
              89,
              34,
              88,
              32,
              163,
              20,
              181,
              56,
              3,
              145,
              39,
              181,
              205,
              80,
              115,
              95,
              84,
              81,
              158,
              51,
              193,
              52,
              69,
              5,
              69,
              197,
              96,
              58,
              217,
              242,
              99,
              250,
              204,
              86,
              211,
              119,
              32,
              1,
              103,
              100,
              111,
              99,
              84,
              121,
              112,
              101,
              117,
              111,
              114,
              103,
              46,
              105,
              115,
              111,
              46,
              49,
              56,
              48,
              49,
              51,
              46,
              53,
              46,
              49,
              46,
              109,
              68,
              76,
              108,
              118,
              97,
              108,
              105,
              100,
              105,
              116,
              121,
              73,
              110,
              102,
              111,
              185,
              0,
              3,
              102,
              115,
              105,
              103,
              110,
              101,
              100,
              192,
              116,
              50,
              48,
              50,
              51,
              45,
              49,
              48,
              45,
              49,
              56,
              84,
              49,
              54,
              58,
              48,
              48,
              58,
              50,
              52,
              90,
              105,
              118,
              97,
              108,
              105,
              100,
              70,
              114,
              111,
              109,
              192,
              116,
              50,
              48,
              50,
              51,
              45,
              49,
              48,
              45,
              49,
              56,
              84,
              49,
              54,
              58,
              48,
              48,
              58,
              50,
              52,
              90,
              106,
              118,
              97,
              108,
              105,
              100,
              85,
              110,
              116,
              105,
              108,
              192,
              116,
              50,
              48,
              50,
              55,
              45,
              49,
              48,
              45,
              49,
              56,
              84,
              49,
              54,
              58,
              48,
              48,
              58,
              50,
              52,
              90,
            ],
            "type": "Buffer",
          },
          "protectedHeaders": Map {
            1 => -7,
          },
          "unprotectedHeaders": Map {
            4 => {
              "data": [
                49,
                49,
              ],
              "type": "Buffer",
            },
            33 => [
              {
                "data": [
                  48,
                  130,
                  2,
                  42,
                  48,
                  130,
                  1,
                  208,
                  160,
                  3,
                  2,
                  1,
                  2,
                  2,
                  20,
                  87,
                  198,
                  204,
                  211,
                  8,
                  189,
                  228,
                  62,
                  202,
                  55,
                  68,
                  242,
                  168,
                  113,
                  56,
                  218,
                  187,
                  184,
                  132,
                  232,
                  48,
                  10,
                  6,
                  8,
                  42,
                  134,
                  72,
                  206,
                  61,
                  4,
                  3,
                  2,
                  48,
                  83,
                  49,
                  11,
                  48,
                  9,
                  6,
                  3,
                  85,
                  4,
                  6,
                  19,
                  2,
                  85,
                  83,
                  49,
                  17,
                  48,
                  15,
                  6,
                  3,
                  85,
                  4,
                  8,
                  12,
                  8,
                  78,
                  101,
                  119,
                  32,
                  89,
                  111,
                  114,
                  107,
                  49,
                  15,
                  48,
                  13,
                  6,
                  3,
                  85,
                  4,
                  7,
                  12,
                  6,
                  65,
                  108,
                  98,
                  97,
                  110,
                  121,
                  49,
                  15,
                  48,
                  13,
                  6,
                  3,
                  85,
                  4,
                  10,
                  12,
                  6,
                  78,
                  89,
                  32,
                  68,
                  77,
                  86,
                  49,
                  15,
                  48,
                  13,
                  6,
                  3,
                  85,
                  4,
                  11,
                  12,
                  6,
                  78,
                  89,
                  32,
                  68,
                  77,
                  86,
                  48,
                  30,
                  23,
                  13,
                  50,
                  51,
                  48,
                  57,
                  49,
                  52,
                  49,
                  52,
                  53,
                  53,
                  49,
                  56,
                  90,
                  23,
                  13,
                  51,
                  51,
                  48,
                  57,
                  49,
                  49,
                  49,
                  52,
                  53,
                  53,
                  49,
                  56,
                  90,
                  48,
                  83,
                  49,
                  11,
                  48,
                  9,
                  6,
                  3,
                  85,
                  4,
                  6,
                  19,
                  2,
                  85,
                  83,
                  49,
                  17,
                  48,
                  15,
                  6,
                  3,
                  85,
                  4,
                  8,
                  12,
                  8,
                  78,
                  101,
                  119,
                  32,
                  89,
                  111,
                  114,
                  107,
                  49,
                  15,
                  48,
                  13,
                  6,
                  3,
                  85,
                  4,
                  7,
                  12,
                  6,
                  65,
                  108,
                  98,
                  97,
                  110,
                  121,
                  49,
                  15,
                  48,
                  13,
                  6,
                  3,
                  85,
                  4,
                  10,
                  12,
                  6,
                  78,
                  89,
                  32,
                  68,
                  77,
                  86,
                  49,
                  15,
                  48,
                  13,
                  6,
                  3,
                  85,
                  4,
                  11,
                  12,
                  6,
                  78,
                  89,
                  32,
                  68,
                  77,
                  86,
                  48,
                  89,
                  48,
                  19,
                  6,
                  7,
                  42,
                  134,
                  72,
                  206,
                  61,
                  2,
                  1,
                  6,
                  8,
                  42,
                  134,
                  72,
                  206,
                  61,
                  3,
                  1,
                  7,
                  3,
                  66,
                  0,
                  4,
                  137,
                  60,
                  45,
                  131,
                  71,
                  144,
                  109,
                  198,
                  205,
                  105,
                  183,
                  246,
                  54,
                  175,
                  75,
                  253,
                  83,
                  63,
                  150,
                  24,
                  79,
                  10,
                  173,
                  172,
                  209,
                  8,
                  48,
                  218,
                  68,
                  113,
                  219,
                  219,
                  96,
                  172,
                  23,
                  13,
                  28,
                  252,
                  83,
                  79,
                  174,
                  45,
                  157,
                  205,
                  72,
                  143,
                  119,
                  71,
                  253,
                  249,
                  120,
                  217,
                  37,
                  234,
                  49,
                  233,
                  233,
                  8,
                  60,
                  56,
                  43,
                  169,
                  237,
                  83,
                  163,
                  129,
                  129,
                  48,
                  127,
                  48,
                  29,
                  6,
                  3,
                  85,
                  29,
                  14,
                  4,
                  22,
                  4,
                  20,
                  171,
                  109,
                  46,
                  3,
                  185,
                  29,
                  73,
                  34,
                  64,
                  51,
                  143,
                  188,
                  202,
                  222,
                  253,
                  147,
                  51,
                  234,
                  246,
                  199,
                  48,
                  31,
                  6,
                  3,
                  85,
                  29,
                  35,
                  4,
                  24,
                  48,
                  22,
                  128,
                  20,
                  171,
                  109,
                  46,
                  3,
                  185,
                  29,
                  73,
                  34,
                  64,
                  51,
                  143,
                  188,
                  202,
                  222,
                  253,
                  147,
                  51,
                  234,
                  246,
                  199,
                  48,
                  15,
                  6,
                  3,
                  85,
                  29,
                  19,
                  1,
                  1,
                  255,
                  4,
                  5,
                  48,
                  3,
                  1,
                  1,
                  255,
                  48,
                  44,
                  6,
                  9,
                  96,
                  134,
                  72,
                  1,
                  134,
                  248,
                  66,
                  1,
                  13,
                  4,
                  31,
                  22,
                  29,
                  79,
                  112,
                  101,
                  110,
                  83,
                  83,
                  76,
                  32,
                  71,
                  101,
                  110,
                  101,
                  114,
                  97,
                  116,
                  101,
                  100,
                  32,
                  67,
                  101,
                  114,
                  116,
                  105,
                  102,
                  105,
                  99,
                  97,
                  116,
                  101,
                  48,
                  10,
                  6,
                  8,
                  42,
                  134,
                  72,
                  206,
                  61,
                  4,
                  3,
                  2,
                  3,
                  72,
                  0,
                  48,
                  69,
                  2,
                  32,
                  9,
                  253,
                  12,
                  171,
                  151,
                  176,
                  62,
                  120,
                  246,
                  78,
                  116,
                  215,
                  220,
                  238,
                  136,
                  102,
                  140,
                  71,
                  106,
                  10,
                  252,
                  90,
                  162,
                  206,
                  191,
                  254,
                  7,
                  211,
                  190,
                  119,
                  46,
                  169,
                  2,
                  33,
                  0,
                  218,
                  56,
                  171,
                  201,
                  138,
                  8,
                  15,
                  73,
                  242,
                  79,
                  254,
                  206,
                  31,
                  255,
                  200,
                  166,
                  205,
                  213,
                  178,
                  192,
                  181,
                  218,
                  143,
                  199,
                  183,
                  103,
                  172,
                  58,
                  149,
                  220,
                  184,
                  62,
                ],
                "type": "Buffer",
              },
            ],
          },
        },
        "nameSpaces": {
          "org.custom.test": [
            IssuerSignedItem {},
          ],
          "org.iso.18013.5.1": [
            IssuerSignedItem {},
            IssuerSignedItem {},
            IssuerSignedItem {},
            IssuerSignedItem {},
            IssuerSignedItem {},
            IssuerSignedItem {},
            IssuerSignedItem {},
            IssuerSignedItem {},
            IssuerSignedItem {},
            IssuerSignedItem {},
            IssuerSignedItem {},
            IssuerSignedItem {},
            IssuerSignedItem {},
            IssuerSignedItem {},
          ],
        },
      },
    },
  ],
  "status": 0,
  "version": "1.0",
}
`;
